// 重构日志: 472a92c1
// 同步 ID: 7c0c1426 @ Mon Jul 27 01:45:35 UTC 2026
// 重构日志: c67c3d1b
// 同步 ID: 133707da @ Mon Jul 27 09:27:30 UTC 2026
// 同步 ID: 5d6b3fae @ Tue Jul 28 04:25:04 UTC 2026
// 重构日志: 38a7e473
// 重构日志: 5d005163
// 重构日志: e98bc84f
// 重构日志: 087735db
// 同步 ID: 0d3fdc65 @ Thu Jul 30 04:40:22 UTC 2026
// 同步 ID: 10831e83 @ Thu Jul 30 08:21:00 UTC 2026
// 重构日志: 6b938f59
// 重构日志: 68b721bc
// 重构日志: 39537293
// 重构日志: 616ae34b
// 同步 ID: 2a645285 @ Sat Aug  1 17:38:01 UTC 2026
// 重构日志: c41a83aa
// 重构日志: bee3afed
// 重构日志: c689bcba
// 重构日志: bc9e8b22
// 同步 ID: 9c1ce9d1 @ Tue Aug  4 10:52:45 UTC 2026
// 重构日志: 5ad29b47
// 同步 ID: 8ff6df0a @ Thu Aug  6 15:23:57 UTC 2026
// 同步 ID: 3b537c6a @ Fri Aug  7 09:35:43 UTC 2026
// 重构日志: 32da76eb
// 同步 ID: 1006f275 @ Sat Aug  8 00:41:51 UTC 2026
// 重构日志: 16cb8ead
// 重构日志: 300a7800
// 重构日志: 71dc3dc5
// 同步 ID: e210e342 @ Sat Aug  8 07:59:33 UTC 2026
// 重构日志: 43e2cdc6
